
 RUN  v4.1.9 /home/codeclouds-tanmoy/Personal/Veylo/veylo-express-backend

[19:24:51.788] [32mINFO[39m (124059): [36mrequest completed[39m
    [35mreq[39m: {
      "id": "e489a67e-bf61-4041-981c-c30ee6fb12bc",
      "method": "POST",
      "url": "/api/v1/org/setup",
      "query": {},
      "params": {},
      "headers": {
        "host": "127.0.0.1:45309",
        "accept-encoding": "gzip, deflate",
        "content-type": "application/json",
        "content-length": "55",
        "connection": "close",
        "x-request-id": "e489a67e-bf61-4041-981c-c30ee6fb12bc"
      },
      "remoteAddress": "::ffff:127.0.0.1",
      "remotePort": 57880
    }
    [35mres[39m: {
      "statusCode": 201,
      "headers": {
        "cross-origin-opener-policy": "same-origin",
        "origin-agent-cluster": "?1",
        "referrer-policy": "no-referrer",
        "strict-transport-security": "max-age=31536000; includeSubDomains",
        "x-content-type-options": "nosniff",
        "x-dns-prefetch-control": "off",
        "x-download-options": "noopen",
        "x-permitted-cross-domain-policies": "none",
        "x-xss-protection": "0",
        "x-request-id": "e489a67e-bf61-4041-981c-c30ee6fb12bc",
        "vary": "Origin",
        "access-control-allow-credentials": "true",
        "content-type": "application/json; charset=utf-8",
        "content-length": "203",
        "etag": "W/\"cb-4rmRUdQj0cYGeFbzEdGOM2LszdU\""
      }
    }
    [35mresponseTime[39m: 28
stdout | tests/integration/org.routes.test.ts > Org API Endpoint Integration Tests (/api/v1/org) > POST /api/v1/org/setup > successfully sets up org
SETUP ORG RESPONSE: 201 {
  message: 'Organization created successfully',
  data: {
    org: {
      id: 'org-new',
      name: 'Acme',
      slug: 'acme',
      logo: null,
      createdAt: '2026-07-08T13:54:51.752Z'
    },
    workspace: { id: 'ws-new', name: 'Acme Ws' }
  }
}

stdout | tests/integration/org.routes.test.ts > Org API Endpoint Integration Tests (/api/v1/org) > POST /api/v1/org/members/:id/ban > bans user successfully
ARE THE PRISMA INSTANCES EQUAL? true
ARE THE MEMBER.FINDFIRST EQUAL? true
MOCK IMPLEMENTATION IN SERVICE: (args) => {
				console.log("DEBUG Mock findFirst called with:", JSON.stringify(args, null, 2));
				if (args?.where?.userId === "user-123") {
					return Promise.resolve({
						id: "caller",
						role: "owner"
					});
				};
				if (args?.where?.userId === "target-user") {
					return Promise.resolve({
						id: "target",
						role: "member"
					});
				};
				return Promise.resolve(null);
			}
DEBUG prisma.member.findFirst mock state: { isMock: true, calls: [] }
DEBUG verifyAdminAccess: {
  activeOrgId: 'org-123',
  sessionUserId: 'user-123',
  targetUserId: 'target-user',
  action: 'ban'
}
DEBUG Mock findFirst called with: {
  "where": {
    "organizationId": "org-123",
    "userId": "user-123"
  }
}

stdout | tests/integration/org.routes.test.ts > Org API Endpoint Integration Tests (/api/v1/org) > POST /api/v1/org/members/:id/ban > bans user successfully
DEBUG callerMember resolved value: { id: 'caller', role: 'owner' }
DEBUG prisma.member.findFirst calls after findCallerMember: [ [ { where: [Object] } ] ]
DEBUG prisma.member.findFirst results after findCallerMember: [ { type: 'return', value: Promise { [Object] } } ]
DEBUG callerMember: { id: 'caller', role: 'owner' }

stdout | tests/integration/org.routes.test.ts > Org API Endpoint Integration Tests (/api/v1/org) > POST /api/v1/org/members/:id/ban > bans user successfully
DEBUG Mock findFirst called with: {
  "where": {
    "organizationId": "org-123",
    "userId": "target-user"
  }
}

[19:24:51.801] [32mINFO[39m (124059): [36mrequest completed[39m
    [35mreq[39m: {
      "id": "ea078287-3b5d-4793-8fd6-0a61b9b1ecc0",
      "method": "POST",
      "url": "/api/v1/org/members/target-user/ban",
      "query": {},
      "params": {},
      "headers": {
        "host": "127.0.0.1:37535",
        "accept-encoding": "gzip, deflate",
        "content-type": "application/json",
        "content-length": "17",
        "connection": "close",
        "x-request-id": "ea078287-3b5d-4793-8fd6-0a61b9b1ecc0"
      },
      "remoteAddress": "::ffff:127.0.0.1",
      "remotePort": 34220
    }
    [35mres[39m: {
      "statusCode": 200,
      "headers": {
        "cross-origin-opener-policy": "same-origin",
        "origin-agent-cluster": "?1",
        "referrer-policy": "no-referrer",
        "strict-transport-security": "max-age=31536000; includeSubDomains",
        "x-content-type-options": "nosniff",
        "x-dns-prefetch-control": "off",
        "x-download-options": "noopen",
        "x-permitted-cross-domain-policies": "none",
        "x-xss-protection": "0",
        "x-request-id": "ea078287-3b5d-4793-8fd6-0a61b9b1ecc0",
        "vary": "Origin",
        "access-control-allow-credentials": "true",
        "content-type": "application/json; charset=utf-8",
        "content-length": "65",
        "etag": "W/\"41-wgskT09YrTUQ4TkgIISI7wyJ+UE\""
      }
    }
    [35mresponseTime[39m: 4
stdout | tests/integration/org.routes.test.ts > Org API Endpoint Integration Tests (/api/v1/org) > POST /api/v1/org/members/:id/ban > bans user successfully
BAN USER RESPONSE: 200 { success: true, message: 'Member banned successfully', data: {} }

[19:24:51.806] [32mINFO[39m (124059): [36mrequest completed[39m
    [35mreq[39m: {
      "id": "866f69b9-d34d-4c90-99ad-597e684d83bf",
      "method": "POST",
      "url": "/api/v1/org/members/invite",
      "query": {},
      "params": {},
      "headers": {
        "host": "127.0.0.1:36685",
        "accept-encoding": "gzip, deflate",
        "content-type": "application/json",
        "content-length": "2",
        "connection": "close",
        "x-request-id": "866f69b9-d34d-4c90-99ad-597e684d83bf"
      },
      "remoteAddress": "::ffff:127.0.0.1",
      "remotePort": 52362
    }
    [35mres[39m: {
      "statusCode": 400,
      "headers": {
        "cross-origin-opener-policy": "same-origin",
        "origin-agent-cluster": "?1",
        "referrer-policy": "no-referrer",
        "strict-transport-security": "max-age=31536000; includeSubDomains",
        "x-content-type-options": "nosniff",
        "x-dns-prefetch-control": "off",
        "x-download-options": "noopen",
        "x-permitted-cross-domain-policies": "none",
        "x-xss-protection": "0",
        "x-request-id": "866f69b9-d34d-4c90-99ad-597e684d83bf",
        "vary": "Origin",
        "access-control-allow-credentials": "true",
        "content-type": "application/json; charset=utf-8",
        "content-length": "31",
        "etag": "W/\"1f-Y5TAqROqjsvPbDYsCc/9QEESk7g\""
      }
    }
    [35mresponseTime[39m: 1
 ✓ tests/integration/org.routes.test.ts (3 tests) 57ms

 Test Files  1 passed (1)
      Tests  3 passed (3)
   Start at  19:24:50
   Duration  1.65s (transform 721ms, setup 78ms, import 1.38s, tests 57ms, environment 0ms)

